<html>
<body>
<pre>
<h1>µVision Build Log</h1>
<h2>Project:</h2>
D:\keil4\Labware\Lab8_SwitchLEDinterface\Lab8.uvproj
Project File Date:  02/11/2014

<h2>Output:</h2>
Rebuild target 'Lab8'
assembling startup.s...
compiling SwitchLEDInterface.c...
linking...
Program Size: Code=4136 RO-data=6628 RW-data=64 ZI-data=1752  
".\Lab8.axf" - 0 Error(s), 0 Warning(s).
Load "D:\\keil4\\Labware\\Lab8_SwitchLEDinterface\\Lab8.axf" 
Connecting: Mode=JTAG, Speed=1000000Hz
Erase Done.
Programming Done.
Verify OK.
</pre>
</body>
</html>
ce.c...
"SwitchLEDInterface.c" - 0 Error(s), 0 Warning(s).
.
"SwitchLEDInterface.c" - 0 Error(s), 0 Warning(s).
