<html>
<body>
<pre>
<h1>µVision Build Log</h1>
<h2>Project:</h2>
D:\keil4\Labware\Lab7_HeartBlock\Lab7.uvproj
Project File Date:  12/29/2014

<h2>Output:</h2>
Rebuild target 'Lab7'
assembling startup.s...
compiling main.c...
linking...
Program Size: Code=4352 RO-data=6156 RW-data=92 ZI-data=1756  
".\Lab7.axf" - 0 Error(s), 0 Warning(s).
Load "D:\\keil4\\Labware\\Lab7_HeartBlock\\Lab7.axf" 
Connecting: Mode=JTAG, Speed=1000000Hz
Erase Done.
Programming Done.
Verify OK.
</pre>
</body>
</html>
load failed  -  Could not load file 'D:\keil4\Labware\Lab7_HeartBlock\Lab7.axf'
compiling main.c...
"main.c" - 0 Error(s), 0 Warning(s).
time" is undefined
    while(time > 0){
main.c: 0 warnings, 1 error
"main.c" - 1 Error(s), 0 Warning(s).
